[preview.colorlib.com/theme/uptown/index.html]
[backblue.gif]
[fade.gif]
[index.html]
[preview.colorlib.com/theme/uptown/css/open-iconic-bootstrap.min.css+animate.css+owl.carousel.min.css+owl.theme.default.min.css+magnific-popup.css+aos.css+ionicons.min.css+bootstrap-datepicker.css+jquery.timepic]
[preview.colorlib.com/theme/uptown/index-2.html]
[preview.colorlib.com/theme/uptown/about.html]
[preview.colorlib.com/theme/uptown/agent.html]
[preview.colorlib.com/theme/uptown/services.html]
[preview.colorlib.com/theme/uptown/properties.html]
[preview.colorlib.com/theme/uptown/blog.html]
[preview.colorlib.com/theme/uptown/contact.html]
[preview.colorlib.com/theme/uptown/images/bg_1.jpg]
[preview.colorlib.com/theme/uptown/images/work-1.jpg]
[preview.colorlib.com/theme/uptown/images/work-2.jpg]
[preview.colorlib.com/theme/uptown/images/work-3.jpg]
[preview.colorlib.com/theme/uptown/images/bg_2.jpg]
[preview.colorlib.com/theme/uptown/images/about.jpg]
[preview.colorlib.com/theme/uptown/images/person_1.jpg]
[preview.colorlib.com/theme/uptown/images/person_2.jpg]
[preview.colorlib.com/theme/uptown/images/person_3.jpg]
[preview.colorlib.com/theme/uptown/images/team-1.jpg]
[preview.colorlib.com/theme/uptown/images/team-2.jpg]
[preview.colorlib.com/theme/uptown/images/team-3.jpg]
[preview.colorlib.com/theme/uptown/images/team-4.jpg]
[preview.colorlib.com/theme/uptown/blog-single.html]
[preview.colorlib.com/theme/uptown/images/image_1.jpg]
[preview.colorlib.com/theme/uptown/images/image_2.jpg]
[preview.colorlib.com/theme/uptown/images/image_3.jpg]
[preview.colorlib.com/theme/uptown/images/image_4.jpg]
[preview.colorlib.com/cdn-cgi/scripts/5c5dd728/cloudflare-static/email-decode.min.js]
[preview.colorlib.com/theme/uptown/js/jquery.min.js]
[preview.colorlib.com/theme/uptown/js/jquery-migrate-3.0.1.min.js+popper.min.js+bootstrap.min.js.pagespeed.jc.Yneyw-r-Yw.js]
[preview.colorlib.com/theme/uptown/js/jquery.easing.1.3.js+jquery.waypoints.min.js+jquery.stellar.min.js+owl.carousel.min.js.pagespeed.jc.kas2iwcN9l.js]
[preview.colorlib.com/theme/uptown/js/jquery.magnific-popup.min.js+aos.js+jquery.animateNumber.min.js+bootstrap-datepicker.js.pagespeed.jc.pAVsT0Junx.js]
[preview.colorlib.com/theme/uptown/index.html]
[preview.colorlib.com/theme/uptown/js/jquery.timepicker.min.js+scrollax.min.js+google-map.js+main.js.pagespeed.jc.V0iMrDQorW.js]
[preview.colorlib.com/theme/uptown/fonts/open-iconic/open-iconic.eot]
[preview.colorlib.com/theme/uptown/fonts/open-iconic/open-iconicd41d.eot]
[preview.colorlib.com/theme/uptown/fonts/open-iconic/open-iconic.woff]
[preview.colorlib.com/theme/uptown/fonts/open-iconic/open-iconic.ttf]
[preview.colorlib.com/theme/uptown/fonts/open-iconic/open-iconic.otf]
[preview.colorlib.com/theme/uptown/fonts/open-iconic/open-iconic.svg]
[preview.colorlib.com/theme/uptown/css/owl.video.play.png]
[preview.colorlib.com/theme/uptown/fonts/ionicons/fonts/ionicons580c.eot]
[preview.colorlib.com/theme/uptown/fonts/ionicons/fonts/ionicons580c.woff2]
[preview.colorlib.com/theme/uptown/fonts/ionicons/fonts/ionicons580c.woff]
[preview.colorlib.com/theme/uptown/fonts/ionicons/fonts/ionicons580c.ttf]
[preview.colorlib.com/theme/uptown/fonts/ionicons/fonts/ionicons580c.svg]
[preview.colorlib.com/theme/uptown/fonts/flaticon/font/Flaticon.eot]
[preview.colorlib.com/theme/uptown/fonts/flaticon/font/Flaticond41d.eot]
[preview.colorlib.com/theme/uptown/fonts/flaticon/font/Flaticon.woff]
[preview.colorlib.com/theme/uptown/fonts/flaticon/font/Flaticon.ttf]
[preview.colorlib.com/theme/uptown/fonts/flaticon/font/Flaticon.svg]
[preview.colorlib.com/theme/uptown/fonts/icomoon/icomoonccfb.eot]
[preview.colorlib.com/theme/uptown/fonts/icomoon/icomoonccfb.woff]
[preview.colorlib.com/theme/uptown/fonts/icomoon/icomoonccfb.ttf]
[preview.colorlib.com/theme/uptown/css/open-iconic-bootstrap.min.css+animate.css+owl.carousel.min.css+owl.theme.default.min.css+magnific-popup.css+aos.css+ionicons.min.css+bootstrap-datepicker.css+jquery.timepic]
[preview.colorlib.com/cdn-cgi/zaraz/sd0d9.js]
[preview.colorlib.com/theme/uptown/fonts/icomoon/icomoonccfb.svg]
[preview.colorlib.com/theme/uptown/images/xteam-1.jpg.pagespeed.ic.XdGG32VxIm.jpg]
[preview.colorlib.com/theme/uptown/css/A.open-iconic-bootstrap.min.css+animate.css+owl.carousel.min.css+owl.theme.default.min.css+magnific-popup.css+aos.css+ionicons.min.css+bootstrap-datepicker.css+jquery.timep]
[preview.colorlib.com/theme/uptown/images/xteam-2.jpg.pagespeed.ic.fXsip8GMni.jpg]
[preview.colorlib.com/theme/uptown/images/xteam-3.jpg.pagespeed.ic.bI992H6H3o.jpg]
[preview.colorlib.com/theme/uptown/images/xteam-4.jpg.pagespeed.ic.pE7NVMmqxW.jpg]
[preview.colorlib.com/theme/uptown/index-2.html]
[preview.colorlib.com/theme/uptown/about.html]
[preview.colorlib.com/theme/uptown/images/team-5.jpg]
[preview.colorlib.com/theme/uptown/images/team-6.jpg]
[preview.colorlib.com/theme/uptown/images/team-7.jpg]
[preview.colorlib.com/theme/uptown/images/team-8.jpg]
[preview.colorlib.com/theme/uptown/agent.html]
[preview.colorlib.com/theme/uptown/images/xbg_1.jpg.pagespeed.ic.0N85vnriK5.jpg]
[preview.colorlib.com/theme/uptown/images/xbg_2.jpg.pagespeed.ic.rmwWkJk8AO.jpg]
[preview.colorlib.com/theme/uptown/services.html]
[preview.colorlib.com/theme/uptown/properties-single.html]
[preview.colorlib.com/theme/uptown/images/xwork-1.jpg.pagespeed.ic.kJbcYAoUnI.jpg]
[preview.colorlib.com/theme/uptown/images/xwork-3.jpg.pagespeed.ic.JZ2JnPe4EQ.jpg]
[preview.colorlib.com/theme/uptown/images/work-4.jpg]
[preview.colorlib.com/theme/uptown/images/work-5.jpg]
[preview.colorlib.com/theme/uptown/images/work-6.jpg]
[preview.colorlib.com/theme/uptown/properties.html]
[preview.colorlib.com/theme/uptown/images/image_5.jpg]
[preview.colorlib.com/theme/uptown/images/image_6.jpg]
[preview.colorlib.com/theme/uptown/images/image_7.jpg]
[preview.colorlib.com/theme/uptown/images/image_8.jpg]
[preview.colorlib.com/theme/uptown/blog.html]
[preview.colorlib.com/theme/uptown/contact.html]
[preview.colorlib.com/theme/uptown/images/ximage_7.jpg.pagespeed.ic.-DCO26D4X9.jpg]
[preview.colorlib.com/theme/uptown/images/ximage_8.jpg.pagespeed.ic.e4kRiM1bm_.jpg]
[preview.colorlib.com/theme/uptown/images/xperson_1.jpg.pagespeed.ic.P4pHl6glbj.jpg]
[preview.colorlib.com/theme/uptown/images/ximage_1.jpg.pagespeed.ic.h_U3tBtHuF.jpg]
[preview.colorlib.com/theme/uptown/images/ximage_2.jpg.pagespeed.ic.6AM6jjh_h4.jpg]
[preview.colorlib.com/theme/uptown/images/ximage_3.jpg.pagespeed.ic.heTS_0Jmy7.jpg]
[preview.colorlib.com/theme/uptown/blog-single.html]
[preview.colorlib.com/theme/uptown/fonts/open-iconic/open-iconic.svg]
[preview.colorlib.com/theme/uptown/css/owl.video.play.html]
[preview.colorlib.com/theme/uptown/fonts/ionicons/fonts/ionicons580c.svg]
[preview.colorlib.com/theme/uptown/fonts/flaticon/font/Flaticon.svg]
[preview.colorlib.com/theme/uptown/fonts/icomoon/icomoonccfb.svg]
[preview.colorlib.com/theme/uptown/css/A.open-iconic-bootstrap.min.css+animate.css+owl.carousel.min.css+owl.theme.default.min.css+magnific-popup.css+aos.css+ionicons.min.css+bootstrap-datepicker.css+jquery.timep]
[preview.colorlib.com/theme/uptown/images/xperson_2.jpg.pagespeed.ic.yyrmjBH91b.jpg]
[preview.colorlib.com/theme/uptown/properties-single.html]
